// Jest Snapshot v1, https://goo.gl/fbAQLP

exports[`Arc renders correct with background color is given 1`] = `
<g>
  <Range
    angleOffset={0}
    angleRange={180}
    arcWidth={5}
    center={0}
    color="red"
    percentageFrom={50}
    percentageTo={1}
    radius={50}
  />
  <Range
    angleOffset={0}
    angleRange={180}
    arcWidth={5}
    center={0}
    color="lime"
    percentageFrom={0}
    percentageTo={50}
    radius={50}
  />
</g>
`;

exports[`Arc renders correct without background color is given 1`] = `
<g>
  <Range
    angleOffset={0}
    angleRange={180}
    arcWidth={5}
    center={0}
    color="red"
    percentageFrom={50}
    percentageTo={1}
    radius={50}
  />
  <Range
    angleOffset={0}
    angleRange={180}
    arcWidth={5}
    center={0}
    color="lime"
    percentageFrom={0}
    percentageTo={50}
    radius={50}
  />
</g>
`;
